Microchip Technology Inc, v1.26 (A)

Tool Name:
  c:\program files (x86)\microchip\xc16\v1.26\bin\bin\..\bin/elf-ld.exe

Command:
  -p33FJ16MC102 \
  -o \
  dist/default/production/INVMAX1450VA_150716.X.production.elf \
  -Lc:/program files (x86)/microchip/xc16/v1.26/bin/bin/.. \
  -Lc:/program files (x86)/microchip/xc16/v1.26/bin/bin/../../lib \
  -Lc:/program files (x86)/microchip/xc16/v1.26/bin/bin/../../support/PIC24E/gld \
  -Lc:/program files (x86)/microchip/xc16/v1.26/bin/bin/../../support/PIC24F/gld \
  -Lc:/program files (x86)/microchip/xc16/v1.26/bin/bin/../../support/PIC24H/gld \
  -Lc:/program files (x86)/microchip/xc16/v1.26/bin/bin/../../support/dsPIC30F/gld \
  -Lc:/program files (x86)/microchip/xc16/v1.26/bin/bin/../../support/dsPIC33E/gld \
  -Lc:/program files (x86)/microchip/xc16/v1.26/bin/bin/../../support/dsPIC33F/gld \
  build/default/production/lcd.o \
  build/default/production/mc_sinetable_ram_dspic.o \
  build/default/production/adc_init.o \
  build/default/production/clk_init.o \
  build/default/production/pwm_init.o \
  build/default/production/timer_init.o \
  build/default/production/Init_IO.o \
  build/default/production/main.o \
  build/default/production/interrupts.o \
  build/default/production/lcd_display.o \
  --defsym=__MPLAB_BUILD=1 \
  -Tp33FJ16MC102.gld.00 \
  --stack=16 \
  --check-sections \
  --data-init \
  --pack-data \
  --handles \
  --isr \
  --no-gc-sections \
  --fill-upper=0 \
  --stackguard=16 \
  --no-force-link \
  --smart-io \
  -Map=dist/default/production/INVMAX1450VA_150716.X.production.map \
  --report-mem \
  --memorysummary \
  dist/default/production/memoryfile.xml \
  -start-group \
  --library=lega-pic30-elf \
  --library=m-elf \
  --library=lega-c-elf \
  -end-group \


Optional library libp33FJ16MC102.a not found
Archive member included because of file (symbol)

c:/program files (x86)/microchip/xc16/v1.26/bin/bin/../../lib\liblega-pic30-elf.a(crt0_standard.o)
                              (__resetPRI)
c:/program files (x86)/microchip/xc16/v1.26/bin/bin/../../lib\liblega-pic30-elf.a(data_init_standard.o)
                              c:/program files (x86)/microchip/xc16/v1.26/bin/bin/../../lib\liblega-pic30-elf.a(crt0_standard.o) (__data_init_standard)
c:/program files (x86)/microchip/xc16/v1.26/bin/bin/../../lib\liblega-pic30-elf.a(delay32.Leo)
                              build/default/production/lcd.o (___delay32)
c:/program files (x86)/microchip/xc16/v1.26/bin/bin/../../lib\libm-elf.a(feqltle.eo)
                              build/default/production/interrupts.o (___ltsf2)
c:/program files (x86)/microchip/xc16/v1.26/bin/bin/../../lib\libm-elf.a(fgtge.eo)
                              build/default/production/interrupts.o (___gtsf2)
c:/program files (x86)/microchip/xc16/v1.26/bin/bin/../../lib\libm-elf.a(floatsisf.eo)
                              build/default/production/interrupts.o (___floatsisf)
c:/program files (x86)/microchip/xc16/v1.26/bin/bin/../../lib\libm-elf.a(fcompare.eo)
                              c:/program files (x86)/microchip/xc16/v1.26/bin/bin/../../lib\libm-elf.a(feqltle.eo) (__fcompare)
c:/program files (x86)/microchip/xc16/v1.26/bin/bin/../../lib\libm-elf.a(floatdisf.eo)
                              c:/program files (x86)/microchip/xc16/v1.26/bin/bin/../../lib\libm-elf.a(floatsisf.eo) (___floatdisf)
c:/program files (x86)/microchip/xc16/v1.26/bin/bin/../../lib\libm-elf.a(floatundisf.eo)
                              c:/program files (x86)/microchip/xc16/v1.26/bin/bin/../../lib\libm-elf.a(floatdisf.eo) (___floatundisf)
c:/program files (x86)/microchip/xc16/v1.26/bin/bin/../../lib\libm-elf.a(fpack.eo)
                              c:/program files (x86)/microchip/xc16/v1.26/bin/bin/../../lib\libm-elf.a(floatundisf.eo) (__fpack)
c:/program files (x86)/microchip/xc16/v1.26/bin/bin/../../lib\libm-elf.a(funpack2.eo)
                              c:/program files (x86)/microchip/xc16/v1.26/bin/bin/../../lib\libm-elf.a(fcompare.eo) (__funpack2)
c:/program files (x86)/microchip/xc16/v1.26/bin/bin/../../lib\libm-elf.a(funpack.eo)
                              c:/program files (x86)/microchip/xc16/v1.26/bin/bin/../../lib\libm-elf.a(funpack2.eo) (__funpack)
c:/program files (x86)/microchip/xc16/v1.26/bin/bin/../../lib\liblega-c-elf.a(memcpy.XXeo)
                              build/default/production/lcd_display.o (_memcpy)
c:/program files (x86)/microchip/xc16/v1.26/bin/bin/../../lib\liblega-c-elf.a(memset.XXeo)
                              build/default/production/lcd_display.o (_memset)
c:/program files (x86)/microchip/xc16/v1.26/bin/bin/../../lib\liblega-c-elf.a(sprintf_cdnopuxX.XXeo)
                              build/default/production/lcd_display.o (__sprintf_cdnopuxX)
c:/program files (x86)/microchip/xc16/v1.26/bin/bin/../../lib\liblega-c-elf.a(xprintf_cdnopuxX.XXeo)
                              c:/program files (x86)/microchip/xc16/v1.26/bin/bin/../../lib\liblega-c-elf.a(sprintf_cdnopuxX.XXeo) (___Printf_cdnopuxX)
c:/program files (x86)/microchip/xc16/v1.26/bin/bin/../../lib\liblega-c-elf.a(xputfld_cdnopuxX.XXeo)
                              c:/program files (x86)/microchip/xc16/v1.26/bin/bin/../../lib\liblega-c-elf.a(xprintf_cdnopuxX.XXeo) (___Putfld_cdnopuxX)
c:/program files (x86)/microchip/xc16/v1.26/bin/bin/../../lib\liblega-c-elf.a(strchr.XXeo)
                              c:/program files (x86)/microchip/xc16/v1.26/bin/bin/../../lib\liblega-c-elf.a(xprintf_cdnopuxX.XXeo) (_strchr)
c:/program files (x86)/microchip/xc16/v1.26/bin/bin/../../lib\liblega-c-elf.a(xlitob.XXeo)
                              c:/program files (x86)/microchip/xc16/v1.26/bin/bin/../../lib\liblega-c-elf.a(xputfld_cdnopuxX.XXeo) (__Litob)
c:/program files (x86)/microchip/xc16/v1.26/bin/bin/../../lib\liblega-c-elf.a(xputtxt.XXeo)
                              c:/program files (x86)/microchip/xc16/v1.26/bin/bin/../../lib\liblega-c-elf.a(xprintf_cdnopuxX.XXeo) (__Puttxt)
c:/program files (x86)/microchip/xc16/v1.26/bin/bin/../../lib\liblega-c-elf.a(xvacopy.XXeo)
                              c:/program files (x86)/microchip/xc16/v1.26/bin/bin/../../lib\liblega-c-elf.a(xprintf_cdnopuxX.XXeo) (__Vacopy)
c:/program files (x86)/microchip/xc16/v1.26/bin/bin/../../lib\libm-elf.a(divsi3.eo)
                              c:/program files (x86)/microchip/xc16/v1.26/bin/bin/../../lib\liblega-c-elf.a(xlitob.XXeo) (___divsi3)
c:/program files (x86)/microchip/xc16/v1.26/bin/bin/../../lib\libm-elf.a(udivsi3.eo)
                              c:/program files (x86)/microchip/xc16/v1.26/bin/bin/../../lib\liblega-c-elf.a(xlitob.XXeo) (___udivsi3)
c:/program files (x86)/microchip/xc16/v1.26/bin/bin/../../lib\libm-elf.a(umodsi3.eo)
                              c:/program files (x86)/microchip/xc16/v1.26/bin/bin/../../lib\liblega-c-elf.a(xlitob.XXeo) (___umodsi3)
c:/program files (x86)/microchip/xc16/v1.26/bin/bin/../../lib\libm-elf.a(divmoddi3.eo)
                              c:/program files (x86)/microchip/xc16/v1.26/bin/bin/../../lib\liblega-c-elf.a(xlitob.XXeo) (___udivdi3)


xc16-ld 1.26 (A)

Program Memory  [Origin = 0x200, Length = 0x29fc]

section                    address   length (PC units)   length (bytes) (dec)
-------                    -------   -----------------   --------------------
.text                        0x200               0xbee          0x11e5  (4581)
.const                       0xdee               0x15c           0x20a  (522)
.text                        0xf4a               0xba6          0x1179  (4473)
.dinit                      0x1af0               0x114           0x19e  (414)
.text                       0x1c04               0x21c           0x32a  (810)
.init.delay32               0x1e20                0x1c            0x2a  (42)
.shared.dinit               0x1e3c                 0x2             0x3  (3)

                 Total program memory used (bytes):         0x2a5d  (10845) 67%


Ivt Memory  [Origin = 0x4, Length = 0xfc]

section                    address   length (PC units)   length (bytes) (dec)
-------                    -------   -----------------   --------------------
.ivt._T1Interrupt             0x1a                 0x2             0x3  (3)
.ivt._ADC1Interrupt           0x2e                 0x2             0x3  (3)
.ivt._MPWM1Interrupt          0x86                 0x2             0x3  (3)


Data Memory  [Origin = 0x800, Length = 0x400]

section                    address      alignment gaps    total length  (dec)
-------                    -------      --------------    -------------------
.sinetbl                     0x800                   0           0x100  (256)
.nbss                        0x900                   0            0xac  (172)
.ndata                       0x9ac                   0             0x4  (4)
.nbss                        0x9b0                   0             0x2  (2)
.ndata                       0x9b2                   0             0x2  (2)
.data                        0x9b4                   0            0x3c  (60)

                 Total data memory used (bytes):          0x1f0  (496) 48%


Dynamic Memory Usage

region                     address                      maximum length  (dec)
------                     -------                      ---------------------
heap                             0                                   0  (0)
stack                        0x9f0                               0x210  (528)

                 Maximum dynamic memory (bytes):          0x210  (528)


External Symbols in Data Memory (by address):

                    0x0800                  _mcSineTableInRam
                    0x0800                  mcSineTableInRam
                    0x0900                  _theta
                    0x0902                  _sinu
                    0x0904                  _cosinu
                    0x0906                  _state
                    0x0908                  _mod_ind
                    0x090a                  _count
                    0x090c                  _modulationIndex
                    0x090e                  _an0result
                    0x0910                  _an1result
                    0x0912                  _an2result
                    0x0914                  _an3result
                    0x0916                  _DCVoltage
                    0x0918                  _batteryVoltage
                    0x091a                  _batVoltage
                    0x091c                  _batV
                    0x091e                  _VBatcounter
                    0x0920                  _lsincos
                    0x0924                  _Vdc
                    0x0926                  _Vdcmin
                    0x0928                  _Vbat
                    0x092a                  _batteryVolt
                    0x092c                  _softStartCounter
                    0x092e                  _stopCounter
                    0x0930                  _softStartFlag
                    0x0932                  _softStartSteps
                    0x0934                  _clearCountersFlag
                    0x0936                  _overLoadCounterFlag
                    0x0938                  _DClinkCounter
                    0x093a                  _BatteryCounter
                    0x093c                  _DCOverCounter
                    0x093e                  _batOverCounter
                    0x0940                  _DCvoltInRange
                    0x0942                  _BatVoltInRange
                    0x0944                  _reversePolarity
                    0x0946                  _shortCircuitFlt
                    0x0948                  _outputOverLoad
                    0x094a                  _DCOverTempCounter
                    0x094c                  _DCOvertempFlag
                    0x094e                  _DCShort
                    0x0950                  _DCOverVoltage
                    0x0952                  _batOverVoltage
                    0x0954                  _outputCurrent
                    0x0956                  _Iload
                    0x0958                  _IOverCounter
                    0x095a                  _OverLoad
                    0x095c                  _shortCktCounter
                    0x095e                  _outputShort
                    0x0960                  _BatUVcounter
                    0x0962                  _BatUnderVoltage
                    0x0964                  _faultStatus
                    0x0966                  _reversePolarityFlag
                    0x0968                  _reversePolCounter
                    0x096a                  _DCUnderCounter
                    0x096c                  _DCUnderVoltage
                    0x096e                  _localFaultLatch
                    0x0970                  _OPShortCkt
                    0x0972                  _InvOff
                    0x0974                  _avgVdcCounter
                    0x0976                  _an0reslt
                    0x0978                  _an1reslt
                    0x097a                  _an3reslt
                    0x097c                  _avgBatCounter
                    0x097e                  _ICounter
                    0x0980                  _overLoadLimit
                    0x0982                  _resetFlag
                    0x0984                  _InvResetCount
                    0x0986                  _restartTime
                    0x0988                  _checkOLCycles
                    0x098a                  _BatteryDeepDischarge
                    0x098c                  _BatDDcounter
                    0x098e                  _BatUVResetCount
                    0x0990                  _UVresetFlag
                    0x0992                  _UVrestartTime
                    0x0994                  _BatteryUndervoltageLCD
                    0x0996                  _LCDrefreshcounter
                    0x0998                  _batTen
                    0x099a                  _batTen1
                    0x099c                  _batOne
                    0x099e                  _batOne1
                    0x09a0                  _batPoint
                    0x09a2                  _batPoint1
                    0x09a4                  _batTwoPoint
                    0x09a6                  _batTwoPoint1
                    0x09a8                  _test1
                    0x09aa                  _faultStatusLCD
                    0x09ac                  _voltage
                    0x09ae                  _current
                    0x09b0                  _check
                    0x09b2                  _test

External Symbols in Data Memory (by name):

                    0x098c                  _BatDDcounter
                    0x098e                  _BatUVResetCount
                    0x0960                  _BatUVcounter
                    0x0962                  _BatUnderVoltage
                    0x0942                  _BatVoltInRange
                    0x093a                  _BatteryCounter
                    0x098a                  _BatteryDeepDischarge
                    0x0994                  _BatteryUndervoltageLCD
                    0x093c                  _DCOverCounter
                    0x094a                  _DCOverTempCounter
                    0x0950                  _DCOverVoltage
                    0x094c                  _DCOvertempFlag
                    0x094e                  _DCShort
                    0x096a                  _DCUnderCounter
                    0x096c                  _DCUnderVoltage
                    0x0916                  _DCVoltage
                    0x0938                  _DClinkCounter
                    0x0940                  _DCvoltInRange
                    0x097e                  _ICounter
                    0x0958                  _IOverCounter
                    0x0956                  _Iload
                    0x0972                  _InvOff
                    0x0984                  _InvResetCount
                    0x0996                  _LCDrefreshcounter
                    0x0970                  _OPShortCkt
                    0x095a                  _OverLoad
                    0x0990                  _UVresetFlag
                    0x0992                  _UVrestartTime
                    0x091e                  _VBatcounter
                    0x0928                  _Vbat
                    0x0924                  _Vdc
                    0x0926                  _Vdcmin
                    0x0976                  _an0reslt
                    0x090e                  _an0result
                    0x0978                  _an1reslt
                    0x0910                  _an1result
                    0x0912                  _an2result
                    0x097a                  _an3reslt
                    0x0914                  _an3result
                    0x097c                  _avgBatCounter
                    0x0974                  _avgVdcCounter
                    0x099c                  _batOne
                    0x099e                  _batOne1
                    0x093e                  _batOverCounter
                    0x0952                  _batOverVoltage
                    0x09a0                  _batPoint
                    0x09a2                  _batPoint1
                    0x0998                  _batTen
                    0x099a                  _batTen1
                    0x09a4                  _batTwoPoint
                    0x09a6                  _batTwoPoint1
                    0x091c                  _batV
                    0x091a                  _batVoltage
                    0x092a                  _batteryVolt
                    0x0918                  _batteryVoltage
                    0x09b0                  _check
                    0x0988                  _checkOLCycles
                    0x0934                  _clearCountersFlag
                    0x0904                  _cosinu
                    0x090a                  _count
                    0x09ae                  _current
                    0x0964                  _faultStatus
                    0x09aa                  _faultStatusLCD
                    0x096e                  _localFaultLatch
                    0x0920                  _lsincos
                    0x0800                  _mcSineTableInRam
                    0x0908                  _mod_ind
                    0x090c                  _modulationIndex
                    0x0954                  _outputCurrent
                    0x0948                  _outputOverLoad
                    0x095e                  _outputShort
                    0x0936                  _overLoadCounterFlag
                    0x0980                  _overLoadLimit
                    0x0982                  _resetFlag
                    0x0986                  _restartTime
                    0x0968                  _reversePolCounter
                    0x0944                  _reversePolarity
                    0x0966                  _reversePolarityFlag
                    0x0946                  _shortCircuitFlt
                    0x095c                  _shortCktCounter
                    0x0902                  _sinu
                    0x092c                  _softStartCounter
                    0x0930                  _softStartFlag
                    0x0932                  _softStartSteps
                    0x0906                  _state
                    0x092e                  _stopCounter
                    0x09b2                  _test
                    0x09a8                  _test1
                    0x0900                  _theta
                    0x09ac                  _voltage
                    0x0800                  mcSineTableInRam

External Symbols in Program Memory (by address):

                  0x000200                  __resetPRI
                  0x00022c                  __psv_init
                  0x00023c                  __data_init_standard
                  0x00023c                  __data_init
                  0x0002ac                  __DefaultInterrupt
                  0x0002b0                  ___lesf2
                  0x0002b0                  ___eqsf2
                  0x0002b0                  ___ltsf2
                  0x0002b4                  ___gtsf2
                  0x0002b4                  ___gesf2
                  0x0002b8                  ___floatsisf
                  0x0002be                  __fcompare
                  0x0002f4                  ___floatdisf
                  0x000314                  ___floatundisf
                  0x000372                  __fpack
                  0x0003be                  __funpack2
                  0x0003ce                  __funpack
                  0x0003f8                  _memcpy
                  0x000406                  _memset
                  0x000414                  sprintf_cdnopuxX.XXeo:_prout
                  0x000422                  __sprintf_cdnopuxX
                  0x000440                  ___Printf_cdnopuxX
                  0x0005a4                  ___Putfld_cdnopuxX
                  0x0007b4                  _strchr
                  0x0007cc                  __Litob
                  0x000a2a                  __Puttxt
                  0x000ba2                  __Vacopy
                  0x000ba6                  ___divsi3
                  0x000bc4                  ___udivsi3
                  0x000be4                  ___umodsi3
                  0x000c36                  ___udivmoddi3
                  0x000d1c                  ___udivdi3
                  0x000d2a                  ___umoddi3
                  0x000d32                  ___divdi3
                  0x000d92                  ___moddi3
                  0x001054                  __MPWM1Interrupt
                  0x0010ee                  __ADC1Interrupt
                  0x0011a2                  __T1Interrupt
                  0x001688                  _Display1
                  0x00174e                  _DCDCTempFault
                  0x001784                  _OutputOLShutDown
                  0x0017ba                  _OutputOverLoad
                  0x0017f0                  _GridON
                  0x001826                  _GridOFF
                  0x00185c                  _OutputShortCkt
                  0x001892                  _BatDeepDischarge
                  0x0018c8                  _BatterUnderVoltage
                  0x0018fe                  _BatOverVoltage
                  0x001934                  _Display
                  0x00196a                  _LCD_init
                  0x0019b6                  _data_lcd
                  0x001ab0                  _nybble
                  0x001ac0                  _command_lcd
                  0x001ace                  _data_string_lcd
                  0x001c04                  _main
                  0x001cfc                  _Init_ADC
                  0x001d56                  _Init_Clk
                  0x001d96                  _Init_PWM
                  0x001dd6                  _Init_timer
                  0x001e00                  _Init_IO
                  0x001e20                  ___delay32

External Symbols in Program Memory (by name):

                  0x001892                  _BatDeepDischarge
                  0x0018fe                  _BatOverVoltage
                  0x0018c8                  _BatterUnderVoltage
                  0x00174e                  _DCDCTempFault
                  0x001934                  _Display
                  0x001688                  _Display1
                  0x001826                  _GridOFF
                  0x0017f0                  _GridON
                  0x001cfc                  _Init_ADC
                  0x001d56                  _Init_Clk
                  0x001e00                  _Init_IO
                  0x001d96                  _Init_PWM
                  0x001dd6                  _Init_timer
                  0x00196a                  _LCD_init
                  0x001784                  _OutputOLShutDown
                  0x0017ba                  _OutputOverLoad
                  0x00185c                  _OutputShortCkt
                  0x0010ee                  __ADC1Interrupt
                  0x0002ac                  __DefaultInterrupt
                  0x0007cc                  __Litob
                  0x001054                  __MPWM1Interrupt
                  0x000a2a                  __Puttxt
                  0x0011a2                  __T1Interrupt
                  0x000ba2                  __Vacopy
                  0x000440                  ___Printf_cdnopuxX
                  0x0005a4                  ___Putfld_cdnopuxX
                  0x001e20                  ___delay32
                  0x000d32                  ___divdi3
                  0x000ba6                  ___divsi3
                  0x0002b0                  ___eqsf2
                  0x0002f4                  ___floatdisf
                  0x0002b8                  ___floatsisf
                  0x000314                  ___floatundisf
                  0x0002b4                  ___gesf2
                  0x0002b4                  ___gtsf2
                  0x0002b0                  ___lesf2
                  0x0002b0                  ___ltsf2
                  0x000d92                  ___moddi3
                  0x000d1c                  ___udivdi3
                  0x000c36                  ___udivmoddi3
                  0x000bc4                  ___udivsi3
                  0x000d2a                  ___umoddi3
                  0x000be4                  ___umodsi3
                  0x00023c                  __data_init
                  0x00023c                  __data_init_standard
                  0x0002be                  __fcompare
                  0x000372                  __fpack
                  0x0003ce                  __funpack
                  0x0003be                  __funpack2
                  0x00022c                  __psv_init
                  0x000200                  __resetPRI
                  0x000422                  __sprintf_cdnopuxX
                  0x001ac0                  _command_lcd
                  0x0019b6                  _data_lcd
                  0x001ace                  _data_string_lcd
                  0x001c04                  _main
                  0x0003f8                  _memcpy
                  0x000406                  _memset
                  0x001ab0                  _nybble
                  0x0007b4                  _strchr
                  0x000414                  sprintf_cdnopuxX.XXeo:_prout

Memory Configuration

Name             Origin             Length             Attributes
data             0x000800           0x000400           a !xr
reset            0x000000           0x000004  
ivt              0x000004           0x0000fc  
_reserved        0x000100           0x000004  
aivt             0x000104           0x0000fc  
program          0x000200           0x0029fc           xr
CONFIG2          0x002bfc           0x000002  
CONFIG1          0x002bfe           0x000002  
*default*        0x000000           0xffffffff  

Linker script and memory map

LOAD build/default/production/lcd.o
LOAD build/default/production/mc_sinetable_ram_dspic.o
LOAD build/default/production/adc_init.o
LOAD build/default/production/clk_init.o
LOAD build/default/production/pwm_init.o
LOAD build/default/production/timer_init.o
LOAD build/default/production/Init_IO.o
LOAD build/default/production/main.o
LOAD build/default/production/interrupts.o
LOAD build/default/production/lcd_display.o
                    0x0001                  __MPLAB_BUILD = 0x1
LOAD p33FJ16MC102
LOAD c:/program files (x86)/microchip/xc16/v1.26/bin/bin/../../lib\libfx-elf.a
                    0x2bfc                  __CONFIG2 = 0x2bfc
                    0x2bfe                  __CONFIG1 = 0x2bfe
                    0x0001                  __NO_HANDLES = 0x1
                    0x0200                  __CODE_BASE = 0x200
                    0x29fc                  __CODE_LENGTH = 0x29fc
                    0x0004                  __IVT_BASE = 0x4
                    0x0104                  __AIVT_BASE = 0x104
                    0x0800                  __DATA_BASE = 0x800
                    0x0400                  __DATA_LENGTH = 0x400
                    0x0a00                  __YDATA_BASE = 0xa00

.reset            0x000000          0x4
                  0x000000          0x2 SHORT 0x200 ABSOLUTE (__reset)
                  0x000001          0x2 SHORT 0x4
                  0x000002          0x2 SHORT 0x0 ((ABSOLUTE (__reset) >> 0x10) & 0x7f)
                  0x000003          0x2 SHORT 0x0

.text             0x000200        0xbee
 *(.init)
 .init            0x000200         0x3c c:/program files (x86)/microchip/xc16/v1.26/bin/bin/../../lib\liblega-pic30-elf.a(crt0_standard.o)
                  0x000200                  __resetPRI
                  0x000200                  __reset
                  0x00022c                  __psv_init
 .init            0x00023c         0x6c c:/program files (x86)/microchip/xc16/v1.26/bin/bin/../../lib\liblega-pic30-elf.a(data_init_standard.o)
                  0x00023c                  __data_init_standard
                  0x00023c                  __data_init
 *(.user_init)
 *(.handle)
 *(.isr*)
 .isr             0x0002ac          0x4 default_isr
                  0x0002ac                  __DefaultInterrupt
 *(.libc)
 *(.libm)
 *(.libdsp)
 *(.lib*)
 .libm.eqsf2      0x0002b0          0x4 c:/program files (x86)/microchip/xc16/v1.26/bin/bin/../../lib\libm-elf.a(feqltle.eo)
                  0x0002b0                  ___eqsf2
                  0x0002b0                  ___ltsf2
                  0x0002b0                  ___lesf2
 .libm.gtsf2      0x0002b4          0x4 c:/program files (x86)/microchip/xc16/v1.26/bin/bin/../../lib\libm-elf.a(fgtge.eo)
                  0x0002b4                  ___gesf2
                  0x0002b4                  ___gtsf2
 .libm.floatsisf
                  0x0002b8          0x6 c:/program files (x86)/microchip/xc16/v1.26/bin/bin/../../lib\libm-elf.a(floatsisf.eo)
                  0x0002b8                  ___floatsisf
 .libm.fcompare
                  0x0002be         0x36 c:/program files (x86)/microchip/xc16/v1.26/bin/bin/../../lib\libm-elf.a(fcompare.eo)
                  0x0002be                  __fcompare
 .libm.floatdisf
                  0x0002f4         0x20 c:/program files (x86)/microchip/xc16/v1.26/bin/bin/../../lib\libm-elf.a(floatdisf.eo)
                  0x0002f4                  ___floatdisf
 .libm.floatundisf
                  0x000314         0x5e c:/program files (x86)/microchip/xc16/v1.26/bin/bin/../../lib\libm-elf.a(floatundisf.eo)
                  0x000314                  ___floatundisf
 .libm.fpack      0x000372         0x4c c:/program files (x86)/microchip/xc16/v1.26/bin/bin/../../lib\libm-elf.a(fpack.eo)
                  0x000372                  __fpack
 .libm.funpack2
                  0x0003be         0x10 c:/program files (x86)/microchip/xc16/v1.26/bin/bin/../../lib\libm-elf.a(funpack2.eo)
                  0x0003be                  __funpack2
 .libm.funpack    0x0003ce         0x2a c:/program files (x86)/microchip/xc16/v1.26/bin/bin/../../lib\libm-elf.a(funpack.eo)
                  0x0003ce                  __funpack
 .libc.memcpy     0x0003f8          0xe c:/program files (x86)/microchip/xc16/v1.26/bin/bin/../../lib\liblega-c-elf.a(memcpy.XXeo)
                  0x0003f8                  _memcpy
 .libc.memset     0x000406          0xe c:/program files (x86)/microchip/xc16/v1.26/bin/bin/../../lib\liblega-c-elf.a(memset.XXeo)
                  0x000406                  _memset
 .libc.prout      0x000414          0xe c:/program files (x86)/microchip/xc16/v1.26/bin/bin/../../lib\liblega-c-elf.a(sprintf_cdnopuxX.XXeo)
                  0x000414                  sprintf_cdnopuxX.XXeo:_prout
 .libc._sprintf_cdnopuxX
                  0x000422         0x1e c:/program files (x86)/microchip/xc16/v1.26/bin/bin/../../lib\liblega-c-elf.a(sprintf_cdnopuxX.XXeo)
                  0x000422                  __sprintf_cdnopuxX
 .libc.__Printf_cdnopuxX
                  0x000440        0x164 c:/program files (x86)/microchip/xc16/v1.26/bin/bin/../../lib\liblega-c-elf.a(xprintf_cdnopuxX.XXeo)
                  0x000440                  ___Printf_cdnopuxX
 .libc.__Putfld_cdnopuxX
                  0x0005a4        0x210 c:/program files (x86)/microchip/xc16/v1.26/bin/bin/../../lib\liblega-c-elf.a(xputfld_cdnopuxX.XXeo)
                  0x0005a4                  ___Putfld_cdnopuxX
 .libc.strchr     0x0007b4         0x18 c:/program files (x86)/microchip/xc16/v1.26/bin/bin/../../lib\liblega-c-elf.a(strchr.XXeo)
                  0x0007b4                  _strchr
 .libc._Litob     0x0007cc        0x25e c:/program files (x86)/microchip/xc16/v1.26/bin/bin/../../lib\liblega-c-elf.a(xlitob.XXeo)
                  0x0007cc                  __Litob
 .libc._Puttxt    0x000a2a        0x178 c:/program files (x86)/microchip/xc16/v1.26/bin/bin/../../lib\liblega-c-elf.a(xputtxt.XXeo)
                  0x000a2a                  __Puttxt
 .libc._Vacopy    0x000ba2          0x4 c:/program files (x86)/microchip/xc16/v1.26/bin/bin/../../lib\liblega-c-elf.a(xvacopy.XXeo)
                  0x000ba2                  __Vacopy
 .libm.divsi3     0x000ba6         0x1e c:/program files (x86)/microchip/xc16/v1.26/bin/bin/../../lib\libm-elf.a(divsi3.eo)
                  0x000ba6                  ___divsi3
 .libm.udivsi3    0x000bc4         0x20 c:/program files (x86)/microchip/xc16/v1.26/bin/bin/../../lib\libm-elf.a(udivsi3.eo)
                  0x000bc4                  ___udivsi3
 .libm.umodsi3    0x000be4          0x6 c:/program files (x86)/microchip/xc16/v1.26/bin/bin/../../lib\libm-elf.a(umodsi3.eo)
                  0x000be4                  ___umodsi3
 .libm.__PplusBdi
                  0x000bea         0x26 c:/program files (x86)/microchip/xc16/v1.26/bin/bin/../../lib\libm-elf.a(divmoddi3.eo)
 .libm.__PminusBdi
                  0x000c10         0x26 c:/program files (x86)/microchip/xc16/v1.26/bin/bin/../../lib\libm-elf.a(divmoddi3.eo)
 .libm.__udivmoddi3
                  0x000c36         0xe6 c:/program files (x86)/microchip/xc16/v1.26/bin/bin/../../lib\libm-elf.a(divmoddi3.eo)
                  0x000c36                  ___udivmoddi3
 .libm.__udivdi3
                  0x000d1c          0xe c:/program files (x86)/microchip/xc16/v1.26/bin/bin/../../lib\libm-elf.a(divmoddi3.eo)
                  0x000d1c                  ___udivdi3
 .libm.__umoddi3
                  0x000d2a          0x8 c:/program files (x86)/microchip/xc16/v1.26/bin/bin/../../lib\libm-elf.a(divmoddi3.eo)
                  0x000d2a                  ___umoddi3
 .libm.__divdi3
                  0x000d32         0x60 c:/program files (x86)/microchip/xc16/v1.26/bin/bin/../../lib\libm-elf.a(divmoddi3.eo)
                  0x000d32                  ___divdi3
 .libm.__moddi3
                  0x000d92         0x5c c:/program files (x86)/microchip/xc16/v1.26/bin/bin/../../lib\libm-elf.a(divmoddi3.eo)
                  0x000d92                  ___moddi3

usercode
 *(usercode)

__CONFIG2
 *(__CONFIG2.sec*)

__CONFIG1
 *(__CONFIG1.sec*)

.comment
 *(.comment)

.debug_info       0x000000       0x43f6
 *(.debug_info)
 .debug_info      0x000000        0x464 build/default/production/lcd.o
 .debug_info      0x000464        0xbbf build/default/production/adc_init.o
 .debug_info      0x001023        0x300 build/default/production/clk_init.o
 .debug_info      0x001323        0x6e4 build/default/production/pwm_init.o
 .debug_info      0x001a07        0x712 build/default/production/timer_init.o
 .debug_info      0x002119        0x3ec build/default/production/Init_IO.o
 .debug_info      0x002505        0x61c build/default/production/main.o
 .debug_info      0x002b21       0x1305 build/default/production/interrupts.o
 .debug_info      0x003e26        0x5d0 build/default/production/lcd_display.o
 *(.gnu.linkonce.wi.*)

.debug_abbrev     0x000000        0x6f4
 *(.debug_abbrev)
 .debug_abbrev    0x000000         0xce build/default/production/lcd.o
 .debug_abbrev    0x0000ce         0xa7 build/default/production/adc_init.o
 .debug_abbrev    0x000175         0xb8 build/default/production/clk_init.o
 .debug_abbrev    0x00022d         0x9b build/default/production/pwm_init.o
 .debug_abbrev    0x0002c8         0xc5 build/default/production/timer_init.o
 .debug_abbrev    0x00038d         0x7d build/default/production/Init_IO.o
 .debug_abbrev    0x00040a         0xef build/default/production/main.o
 .debug_abbrev    0x0004f9        0x147 build/default/production/interrupts.o
 .debug_abbrev    0x000640         0xb4 build/default/production/lcd_display.o

.debug_line       0x000000        0xa17
 *(.debug_line)
 .debug_line      0x000000         0xce build/default/production/lcd.o
 .debug_line      0x0000ce         0x1a build/default/production/mc_sinetable_ram_dspic.o
 .debug_line      0x0000e8         0xaf build/default/production/adc_init.o
 .debug_line      0x000197         0x9a build/default/production/clk_init.o
 .debug_line      0x000231         0xfe build/default/production/pwm_init.o
 .debug_line      0x00032f         0xf6 build/default/production/timer_init.o
 .debug_line      0x000425         0xa3 build/default/production/Init_IO.o
 .debug_line      0x0004c8        0x14c build/default/production/main.o
 .debug_line      0x000614        0x27a build/default/production/interrupts.o
 .debug_line      0x00088e        0x189 build/default/production/lcd_display.o

.debug_frame      0x000000        0x40a
 *(.debug_frame)
 .debug_frame     0x000000         0xa0 build/default/production/lcd.o
 .debug_frame     0x0000a0         0x30 build/default/production/adc_init.o
 .debug_frame     0x0000d0         0x30 build/default/production/clk_init.o
 .debug_frame     0x000100         0x30 build/default/production/pwm_init.o
 .debug_frame     0x000130         0x30 build/default/production/timer_init.o
 .debug_frame     0x000160         0x30 build/default/production/Init_IO.o
 .debug_frame     0x000190         0x30 build/default/production/main.o
 .debug_frame     0x0001c0         0xe6 build/default/production/interrupts.o
 .debug_frame     0x0002a6        0x164 build/default/production/lcd_display.o

.debug_str        0x000000        0x58d
 *(.debug_str)
 .debug_str       0x000000         0x12 build/default/production/lcd.o
 .debug_str       0x000012         0x64 build/default/production/adc_init.o
 .debug_str       0x000076          0xb build/default/production/clk_init.o
 .debug_str       0x000081         0x5d build/default/production/pwm_init.o
 .debug_str       0x0000de         0x25 build/default/production/timer_init.o
 .debug_str       0x000103         0x21 build/default/production/Init_IO.o
 .debug_str       0x000124         0xc9 build/default/production/main.o
 .debug_str       0x0001ed        0x35a build/default/production/interrupts.o
 .debug_str       0x000547         0x46 build/default/production/lcd_display.o

.debug_loc
 *(.debug_loc)

.debug_macinfo
 *(.debug_macinfo)

.debug_pubnames
                  0x000000        0x7f1
 *(.debug_pubnames)
 .debug_pubnames
                  0x000000         0x65 build/default/production/lcd.o
 .debug_pubnames
                  0x000065         0x1f build/default/production/adc_init.o
 .debug_pubnames
                  0x000084         0x1f build/default/production/clk_init.o
 .debug_pubnames
                  0x0000a3         0x1f build/default/production/pwm_init.o
 .debug_pubnames
                  0x0000c2         0x21 build/default/production/timer_init.o
 .debug_pubnames
                  0x0000e3         0x1e build/default/production/Init_IO.o
 .debug_pubnames
                  0x000101         0x55 build/default/production/main.o
 .debug_pubnames
                  0x000156        0x537 build/default/production/interrupts.o
 .debug_pubnames
                  0x00068d        0x164 build/default/production/lcd_display.o

.debug_ranges
 *(.debug_ranges)

.debug_aranges    0x000000         0xd8
 *(.debug_aranges)
 .debug_aranges
                  0x000000         0x18 build/default/production/lcd.o
 .debug_aranges
                  0x000018         0x18 build/default/production/adc_init.o
 .debug_aranges
                  0x000030         0x18 build/default/production/clk_init.o
 .debug_aranges
                  0x000048         0x18 build/default/production/pwm_init.o
 .debug_aranges
                  0x000060         0x18 build/default/production/timer_init.o
 .debug_aranges
                  0x000078         0x18 build/default/production/Init_IO.o
 .debug_aranges
                  0x000090         0x18 build/default/production/main.o
 .debug_aranges
                  0x0000a8         0x18 build/default/production/interrupts.o
 .debug_aranges
                  0x0000c0         0x18 build/default/production/lcd_display.o
                    0x0000                  WREG0 = 0x0
                    0x0000                  _WREG0 = 0x0
                    0x0002                  WREG1 = 0x2
                    0x0002                  _WREG1 = 0x2
                    0x0004                  WREG2 = 0x4
                    0x0004                  _WREG2 = 0x4
                    0x0006                  WREG3 = 0x6
                    0x0006                  _WREG3 = 0x6
                    0x0008                  WREG4 = 0x8
                    0x0008                  _WREG4 = 0x8
                    0x000a                  WREG5 = 0xa
                    0x000a                  _WREG5 = 0xa
                    0x000c                  WREG6 = 0xc
                    0x000c                  _WREG6 = 0xc
                    0x000e                  WREG7 = 0xe
                    0x000e                  _WREG7 = 0xe
                    0x0010                  WREG8 = 0x10
                    0x0010                  _WREG8 = 0x10
                    0x0012                  WREG9 = 0x12
                    0x0012                  _WREG9 = 0x12
                    0x0014                  WREG10 = 0x14
                    0x0014                  _WREG10 = 0x14
                    0x0016                  WREG11 = 0x16
                    0x0016                  _WREG11 = 0x16
                    0x0018                  WREG12 = 0x18
                    0x0018                  _WREG12 = 0x18
                    0x001a                  WREG13 = 0x1a
                    0x001a                  _WREG13 = 0x1a
                    0x001c                  WREG14 = 0x1c
                    0x001c                  _WREG14 = 0x1c
                    0x001e                  WREG15 = 0x1e
                    0x001e                  _WREG15 = 0x1e
                    0x0020                  SPLIM = 0x20
                    0x0020                  _SPLIM = 0x20
                    0x0022                  ACCAL = 0x22
                    0x0022                  _ACCAL = 0x22
                    0x0024                  ACCAH = 0x24
                    0x0024                  _ACCAH = 0x24
                    0x0026                  ACCAU = 0x26
                    0x0026                  _ACCAU = 0x26
                    0x0028                  ACCBL = 0x28
                    0x0028                  _ACCBL = 0x28
                    0x002a                  ACCBH = 0x2a
                    0x002a                  _ACCBH = 0x2a
                    0x002c                  ACCBU = 0x2c
                    0x002c                  _ACCBU = 0x2c
                    0x002e                  PCL = 0x2e
                    0x002e                  _PCL = 0x2e
                    0x0030                  PCH = 0x30
                    0x0030                  _PCH = 0x30
                    0x0032                  TBLPAG = 0x32
                    0x0032                  _TBLPAG = 0x32
                    0x0034                  PSVPAG = 0x34
                    0x0034                  _PSVPAG = 0x34
                    0x0036                  RCOUNT = 0x36
                    0x0036                  _RCOUNT = 0x36
                    0x0038                  DCOUNT = 0x38
                    0x0038                  _DCOUNT = 0x38
                    0x003a                  DOSTARTL = 0x3a
                    0x003a                  _DOSTARTL = 0x3a
                    0x003c                  DOSTARTH = 0x3c
                    0x003c                  _DOSTARTH = 0x3c
                    0x003e                  DOENDL = 0x3e
                    0x003e                  _DOENDL = 0x3e
                    0x0040                  DOENDH = 0x40
                    0x0040                  _DOENDH = 0x40
                    0x0042                  SR = 0x42
                    0x0042                  _SR = 0x42
                    0x0042                  _SRbits = 0x42
                    0x0044                  CORCON = 0x44
                    0x0044                  _CORCON = 0x44
                    0x0044                  _CORCONbits = 0x44
                    0x0046                  MODCON = 0x46
                    0x0046                  _MODCON = 0x46
                    0x0046                  _MODCONbits = 0x46
                    0x0048                  XMODSRT = 0x48
                    0x0048                  _XMODSRT = 0x48
                    0x004a                  XMODEND = 0x4a
                    0x004a                  _XMODEND = 0x4a
                    0x004c                  YMODSRT = 0x4c
                    0x004c                  _YMODSRT = 0x4c
                    0x004e                  YMODEND = 0x4e
                    0x004e                  _YMODEND = 0x4e
                    0x0050                  XBREV = 0x50
                    0x0050                  _XBREV = 0x50
                    0x0050                  _XBREVbits = 0x50
                    0x0052                  DISICNT = 0x52
                    0x0052                  _DISICNT = 0x52
                    0x0060                  CNEN1 = 0x60
                    0x0060                  _CNEN1 = 0x60
                    0x0060                  _CNEN1bits = 0x60
                    0x0062                  CNEN2 = 0x62
                    0x0062                  _CNEN2 = 0x62
                    0x0062                  _CNEN2bits = 0x62
                    0x0068                  CNPU1 = 0x68
                    0x0068                  _CNPU1 = 0x68
                    0x0068                  _CNPU1bits = 0x68
                    0x006a                  CNPU2 = 0x6a
                    0x006a                  _CNPU2 = 0x6a
                    0x006a                  _CNPU2bits = 0x6a
                    0x0080                  INTCON1 = 0x80
                    0x0080                  _INTCON1 = 0x80
                    0x0080                  _INTCON1bits = 0x80
                    0x0082                  INTCON2 = 0x82
                    0x0082                  _INTCON2 = 0x82
                    0x0082                  _INTCON2bits = 0x82
                    0x0084                  IFS0 = 0x84
                    0x0084                  _IFS0 = 0x84
                    0x0084                  _IFS0bits = 0x84
                    0x0086                  IFS1 = 0x86
                    0x0086                  _IFS1 = 0x86
                    0x0086                  _IFS1bits = 0x86
                    0x0088                  IFS2 = 0x88
                    0x0088                  _IFS2 = 0x88
                    0x0088                  _IFS2bits = 0x88
                    0x008a                  IFS3 = 0x8a
                    0x008a                  _IFS3 = 0x8a
                    0x008a                  _IFS3bits = 0x8a
                    0x008c                  IFS4 = 0x8c
                    0x008c                  _IFS4 = 0x8c
                    0x008c                  _IFS4bits = 0x8c
                    0x0094                  IEC0 = 0x94
                    0x0094                  _IEC0 = 0x94
                    0x0094                  _IEC0bits = 0x94
                    0x0096                  IEC1 = 0x96
                    0x0096                  _IEC1 = 0x96
                    0x0096                  _IEC1bits = 0x96
                    0x0098                  IEC2 = 0x98
                    0x0098                  _IEC2 = 0x98
                    0x0098                  _IEC2bits = 0x98
                    0x009a                  IEC3 = 0x9a
                    0x009a                  _IEC3 = 0x9a
                    0x009a                  _IEC3bits = 0x9a
                    0x009c                  IEC4 = 0x9c
                    0x009c                  _IEC4 = 0x9c
                    0x009c                  _IEC4bits = 0x9c
                    0x00a4                  IPC0 = 0xa4
                    0x00a4                  _IPC0 = 0xa4
                    0x00a4                  _IPC0bits = 0xa4
                    0x00a6                  IPC1 = 0xa6
                    0x00a6                  _IPC1 = 0xa6
                    0x00a6                  _IPC1bits = 0xa6
                    0x00a8                  IPC2 = 0xa8
                    0x00a8                  _IPC2 = 0xa8
                    0x00a8                  _IPC2bits = 0xa8
                    0x00aa                  IPC3 = 0xaa
                    0x00aa                  _IPC3 = 0xaa
                    0x00aa                  _IPC3bits = 0xaa
                    0x00ac                  IPC4 = 0xac
                    0x00ac                  _IPC4 = 0xac
                    0x00ac                  _IPC4bits = 0xac
                    0x00ae                  IPC5 = 0xae
                    0x00ae                  _IPC5 = 0xae
                    0x00ae                  _IPC5bits = 0xae
                    0x00b2                  IPC7 = 0xb2
                    0x00b2                  _IPC7 = 0xb2
                    0x00b2                  _IPC7bits = 0xb2
                    0x00b6                  IPC9 = 0xb6
                    0x00b6                  _IPC9 = 0xb6
                    0x00b6                  _IPC9bits = 0xb6
                    0x00c0                  IPC14 = 0xc0
                    0x00c0                  _IPC14 = 0xc0
                    0x00c0                  _IPC14bits = 0xc0
                    0x00c2                  IPC15 = 0xc2
                    0x00c2                  _IPC15 = 0xc2
                    0x00c2                  _IPC15bits = 0xc2
                    0x00c4                  IPC16 = 0xc4
                    0x00c4                  _IPC16 = 0xc4
                    0x00c4                  _IPC16bits = 0xc4
                    0x00ca                  IPC19 = 0xca
                    0x00ca                  _IPC19 = 0xca
                    0x00ca                  _IPC19bits = 0xca
                    0x00e0                  INTTREG = 0xe0
                    0x00e0                  _INTTREG = 0xe0
                    0x00e0                  _INTTREGbits = 0xe0
                    0x0100                  TMR1 = 0x100
                    0x0100                  _TMR1 = 0x100
                    0x0102                  PR1 = 0x102
                    0x0102                  _PR1 = 0x102
                    0x0104                  T1CON = 0x104
                    0x0104                  _T1CON = 0x104
                    0x0104                  _T1CONbits = 0x104
                    0x0106                  TMR2 = 0x106
                    0x0106                  _TMR2 = 0x106
                    0x0108                  TMR3HLD = 0x108
                    0x0108                  _TMR3HLD = 0x108
                    0x010a                  TMR3 = 0x10a
                    0x010a                  _TMR3 = 0x10a
                    0x010c                  PR2 = 0x10c
                    0x010c                  _PR2 = 0x10c
                    0x010e                  PR3 = 0x10e
                    0x010e                  _PR3 = 0x10e
                    0x0110                  T2CON = 0x110
                    0x0110                  _T2CON = 0x110
                    0x0110                  _T2CONbits = 0x110
                    0x0112                  T3CON = 0x112
                    0x0112                  _T3CON = 0x112
                    0x0112                  _T3CONbits = 0x112
                    0x0140                  IC1BUF = 0x140
                    0x0140                  _IC1BUF = 0x140
                    0x0142                  IC1CON = 0x142
                    0x0142                  _IC1CON = 0x142
                    0x0142                  _IC1CONbits = 0x142
                    0x0144                  IC2BUF = 0x144
                    0x0144                  _IC2BUF = 0x144
                    0x0146                  IC2CON = 0x146
                    0x0146                  _IC2CON = 0x146
                    0x0146                  _IC2CONbits = 0x146
                    0x0148                  IC3BUF = 0x148
                    0x0148                  _IC3BUF = 0x148
                    0x014a                  IC3CON = 0x14a
                    0x014a                  _IC3CON = 0x14a
                    0x014a                  _IC3CONbits = 0x14a
                    0x0180                  OC1RS = 0x180
                    0x0180                  _OC1RS = 0x180
                    0x0182                  OC1R = 0x182
                    0x0182                  _OC1R = 0x182
                    0x0184                  OC1CON = 0x184
                    0x0184                  _OC1CON = 0x184
                    0x0184                  _OC1CONbits = 0x184
                    0x0186                  OC2RS = 0x186
                    0x0186                  _OC2RS = 0x186
                    0x0188                  OC2R = 0x188
                    0x0188                  _OC2R = 0x188
                    0x018a                  OC2CON = 0x18a
                    0x018a                  _OC2CON = 0x18a
                    0x018a                  _OC2CONbits = 0x18a
                    0x01c0                  P1TCON = 0x1c0
                    0x01c0                  _P1TCON = 0x1c0
                    0x01c0                  _P1TCONbits = 0x1c0
                    0x01c0                  PTCON = 0x1c0
                    0x01c0                  _PTCON = 0x1c0
                    0x01c0                  _PTCONbits = 0x1c0
                    0x01c2                  P1TMR = 0x1c2
                    0x01c2                  _P1TMR = 0x1c2
                    0x01c2                  _P1TMRbits = 0x1c2
                    0x01c2                  PTMR = 0x1c2
                    0x01c2                  _PTMR = 0x1c2
                    0x01c2                  _PTMRbits = 0x1c2
                    0x01c4                  P1TPER = 0x1c4
                    0x01c4                  _P1TPER = 0x1c4
                    0x01c4                  _P1TPERbits = 0x1c4
                    0x01c4                  PTPER = 0x1c4
                    0x01c4                  _PTPER = 0x1c4
                    0x01c4                  _PTPERbits = 0x1c4
                    0x01c6                  P1SECMP = 0x1c6
                    0x01c6                  _P1SECMP = 0x1c6
                    0x01c6                  _P1SECMPbits = 0x1c6
                    0x01c6                  SEVTCMP = 0x1c6
                    0x01c6                  _SEVTCMP = 0x1c6
                    0x01c6                  _SEVTCMPbits = 0x1c6
                    0x01c8                  PWM1CON1 = 0x1c8
                    0x01c8                  _PWM1CON1 = 0x1c8
                    0x01c8                  _PWM1CON1bits = 0x1c8
                    0x01c8                  PWMCON1 = 0x1c8
                    0x01c8                  _PWMCON1 = 0x1c8
                    0x01c8                  _PWMCON1bits = 0x1c8
                    0x01ca                  PWM1CON2 = 0x1ca
                    0x01ca                  _PWM1CON2 = 0x1ca
                    0x01ca                  _PWM1CON2bits = 0x1ca
                    0x01ca                  PWMCON2 = 0x1ca
                    0x01ca                  _PWMCON2 = 0x1ca
                    0x01ca                  _PWMCON2bits = 0x1ca
                    0x01cc                  DTCON1 = 0x1cc
                    0x01cc                  _DTCON1 = 0x1cc
                    0x01cc                  _DTCON1bits = 0x1cc
                    0x01cc                  P1DTCON1 = 0x1cc
                    0x01cc                  _P1DTCON1 = 0x1cc
                    0x01cc                  _P1DTCON1bits = 0x1cc
                    0x01ce                  DTCON2 = 0x1ce
                    0x01ce                  _DTCON2 = 0x1ce
                    0x01ce                  _DTCON2bits = 0x1ce
                    0x01ce                  P1DTCON2 = 0x1ce
                    0x01ce                  _P1DTCON2 = 0x1ce
                    0x01ce                  _P1DTCON2bits = 0x1ce
                    0x01d0                  FLTACON = 0x1d0
                    0x01d0                  _FLTACON = 0x1d0
                    0x01d0                  _FLTACONbits = 0x1d0
                    0x01d0                  P1FLTACON = 0x1d0
                    0x01d0                  _P1FLTACON = 0x1d0
                    0x01d0                  _P1FLTACONbits = 0x1d0
                    0x01d2                  FLTBCON = 0x1d2
                    0x01d2                  _FLTBCON = 0x1d2
                    0x01d2                  _FLTBCONbits = 0x1d2
                    0x01d2                  P1FLTBCON = 0x1d2
                    0x01d2                  _P1FLTBCON = 0x1d2
                    0x01d2                  _P1FLTBCONbits = 0x1d2
                    0x01d4                  OVDCON = 0x1d4
                    0x01d4                  _OVDCON = 0x1d4
                    0x01d4                  _OVDCONbits = 0x1d4
                    0x01d4                  P1OVDCON = 0x1d4
                    0x01d4                  _P1OVDCON = 0x1d4
                    0x01d4                  _P1OVDCONbits = 0x1d4
                    0x01d6                  P1DC1 = 0x1d6
                    0x01d6                  _P1DC1 = 0x1d6
                    0x01d6                  PDC1 = 0x1d6
                    0x01d6                  _PDC1 = 0x1d6
                    0x01d8                  P1DC2 = 0x1d8
                    0x01d8                  _P1DC2 = 0x1d8
                    0x01d8                  PDC2 = 0x1d8
                    0x01d8                  _PDC2 = 0x1d8
                    0x01da                  P1DC3 = 0x1da
                    0x01da                  _P1DC3 = 0x1da
                    0x01da                  PDC3 = 0x1da
                    0x01da                  _PDC3 = 0x1da
                    0x01de                  PWM1KEY = 0x1de
                    0x01de                  _PWM1KEY = 0x1de
                    0x0200                  I2C1RCV = 0x200
                    0x0200                  _I2C1RCV = 0x200
                    0x0202                  I2C1TRN = 0x202
                    0x0202                  _I2C1TRN = 0x202
                    0x0204                  I2C1BRG = 0x204
                    0x0204                  _I2C1BRG = 0x204
                    0x0206                  I2C1CON = 0x206
                    0x0206                  _I2C1CON = 0x206
                    0x0206                  _I2C1CONbits = 0x206
                    0x0208                  I2C1STAT = 0x208
                    0x0208                  _I2C1STAT = 0x208
                    0x0208                  _I2C1STATbits = 0x208
                    0x020a                  I2C1ADD = 0x20a
                    0x020a                  _I2C1ADD = 0x20a
                    0x020c                  I2C1MSK = 0x20c
                    0x020c                  _I2C1MSK = 0x20c
                    0x0220                  U1MODE = 0x220
                    0x0220                  _U1MODE = 0x220
                    0x0220                  _U1MODEbits = 0x220
                    0x0222                  U1STA = 0x222
                    0x0222                  _U1STA = 0x222
                    0x0222                  _U1STAbits = 0x222
                    0x0224                  U1TXREG = 0x224
                    0x0224                  _U1TXREG = 0x224
                    0x0226                  U1RXREG = 0x226
                    0x0226                  _U1RXREG = 0x226
                    0x0228                  U1BRG = 0x228
                    0x0228                  _U1BRG = 0x228
                    0x0240                  SPI1STAT = 0x240
                    0x0240                  _SPI1STAT = 0x240
                    0x0240                  _SPI1STATbits = 0x240
                    0x0242                  SPI1CON1 = 0x242
                    0x0242                  _SPI1CON1 = 0x242
                    0x0242                  _SPI1CON1bits = 0x242
                    0x0244                  SPI1CON2 = 0x244
                    0x0244                  _SPI1CON2 = 0x244
                    0x0244                  _SPI1CON2bits = 0x244
                    0x0248                  SPI1BUF = 0x248
                    0x0248                  _SPI1BUF = 0x248
                    0x02c0                  TRISA = 0x2c0
                    0x02c0                  _TRISA = 0x2c0
                    0x02c0                  _TRISAbits = 0x2c0
                    0x02c2                  PORTA = 0x2c2
                    0x02c2                  _PORTA = 0x2c2
                    0x02c2                  _PORTAbits = 0x2c2
                    0x02c4                  LATA = 0x2c4
                    0x02c4                  _LATA = 0x2c4
                    0x02c4                  _LATAbits = 0x2c4
                    0x02c6                  ODCA = 0x2c6
                    0x02c6                  _ODCA = 0x2c6
                    0x02c6                  _ODCAbits = 0x2c6
                    0x02c8                  TRISB = 0x2c8
                    0x02c8                  _TRISB = 0x2c8
                    0x02c8                  _TRISBbits = 0x2c8
                    0x02ca                  PORTB = 0x2ca
                    0x02ca                  _PORTB = 0x2ca
                    0x02ca                  _PORTBbits = 0x2ca
                    0x02cc                  LATB = 0x2cc
                    0x02cc                  _LATB = 0x2cc
                    0x02cc                  _LATBbits = 0x2cc
                    0x02ce                  ODCB = 0x2ce
                    0x02ce                  _ODCB = 0x2ce
                    0x02ce                  _ODCBbits = 0x2ce
                    0x02fc                  PADCFG1 = 0x2fc
                    0x02fc                  _PADCFG1 = 0x2fc
                    0x02fc                  _PADCFG1bits = 0x2fc
                    0x0300                  ADC1BUF0 = 0x300
                    0x0300                  _ADC1BUF0 = 0x300
                    0x0302                  ADC1BUF1 = 0x302
                    0x0302                  _ADC1BUF1 = 0x302
                    0x0304                  ADC1BUF2 = 0x304
                    0x0304                  _ADC1BUF2 = 0x304
                    0x0306                  ADC1BUF3 = 0x306
                    0x0306                  _ADC1BUF3 = 0x306
                    0x0308                  ADC1BUF4 = 0x308
                    0x0308                  _ADC1BUF4 = 0x308
                    0x030a                  ADC1BUF5 = 0x30a
                    0x030a                  _ADC1BUF5 = 0x30a
                    0x030c                  ADC1BUF6 = 0x30c
                    0x030c                  _ADC1BUF6 = 0x30c
                    0x030e                  ADC1BUF7 = 0x30e
                    0x030e                  _ADC1BUF7 = 0x30e
                    0x0310                  ADC1BUF8 = 0x310
                    0x0310                  _ADC1BUF8 = 0x310
                    0x0312                  ADC1BUF9 = 0x312
                    0x0312                  _ADC1BUF9 = 0x312
                    0x0314                  ADC1BUFA = 0x314
                    0x0314                  _ADC1BUFA = 0x314
                    0x0316                  ADC1BUFB = 0x316
                    0x0316                  _ADC1BUFB = 0x316
                    0x0318                  ADC1BUFC = 0x318
                    0x0318                  _ADC1BUFC = 0x318
                    0x031a                  ADC1BUFD = 0x31a
                    0x031a                  _ADC1BUFD = 0x31a
                    0x031c                  ADC1BUFE = 0x31c
                    0x031c                  _ADC1BUFE = 0x31c
                    0x031e                  ADC1BUFF = 0x31e
                    0x031e                  _ADC1BUFF = 0x31e
                    0x0320                  AD1CON1 = 0x320
                    0x0320                  _AD1CON1 = 0x320
                    0x0320                  _AD1CON1bits = 0x320
                    0x0322                  AD1CON2 = 0x322
                    0x0322                  _AD1CON2 = 0x322
                    0x0322                  _AD1CON2bits = 0x322
                    0x0324                  AD1CON3 = 0x324
                    0x0324                  _AD1CON3 = 0x324
                    0x0324                  _AD1CON3bits = 0x324
                    0x0326                  AD1CHS123 = 0x326
                    0x0326                  _AD1CHS123 = 0x326
                    0x0326                  _AD1CHS123bits = 0x326
                    0x0328                  AD1CHS0 = 0x328
                    0x0328                  _AD1CHS0 = 0x328
                    0x0328                  _AD1CHS0bits = 0x328
                    0x032c                  AD1PCFGL = 0x32c
                    0x032c                  _AD1PCFGL = 0x32c
                    0x032c                  _AD1PCFGLbits = 0x32c
                    0x0330                  AD1CSSL = 0x330
                    0x0330                  _AD1CSSL = 0x330
                    0x0330                  _AD1CSSLbits = 0x330
                    0x033a                  CTMUCON1 = 0x33a
                    0x033a                  _CTMUCON1 = 0x33a
                    0x033a                  _CTMUCON1bits = 0x33a
                    0x033c                  CTMUCON2 = 0x33c
                    0x033c                  _CTMUCON2 = 0x33c
                    0x033c                  _CTMUCON2bits = 0x33c
                    0x033e                  CTMUICON = 0x33e
                    0x033e                  _CTMUICON = 0x33e
                    0x033e                  _CTMUICONbits = 0x33e
                    0x0620                  ALRMVAL = 0x620
                    0x0620                  _ALRMVAL = 0x620
                    0x0622                  ALCFGRPT = 0x622
                    0x0622                  _ALCFGRPT = 0x622
                    0x0622                  _ALCFGRPTbits = 0x622
                    0x0624                  RTCVAL = 0x624
                    0x0624                  _RTCVAL = 0x624
                    0x0626                  RCFGCAL = 0x626
                    0x0626                  _RCFGCAL = 0x626
                    0x0626                  _RCFGCALbits = 0x626
                    0x0650                  CMSTAT = 0x650
                    0x0650                  _CMSTAT = 0x650
                    0x0650                  _CMSTATbits = 0x650
                    0x0652                  CVRCON = 0x652
                    0x0652                  _CVRCON = 0x652
                    0x0652                  _CVRCONbits = 0x652
                    0x0654                  CM1CON = 0x654
                    0x0654                  _CM1CON = 0x654
                    0x0654                  _CM1CONbits = 0x654
                    0x0656                  CM1MSKSRC = 0x656
                    0x0656                  _CM1MSKSRC = 0x656
                    0x0656                  _CM1MSKSRCbits = 0x656
                    0x0658                  CM1MSKCON = 0x658
                    0x0658                  _CM1MSKCON = 0x658
                    0x0658                  _CM1MSKCONbits = 0x658
                    0x065a                  CM1FLTR = 0x65a
                    0x065a                  _CM1FLTR = 0x65a
                    0x065a                  _CM1FLTRbits = 0x65a
                    0x065c                  CM2CON = 0x65c
                    0x065c                  _CM2CON = 0x65c
                    0x065c                  _CM2CONbits = 0x65c
                    0x065e                  CM2MSKSRC = 0x65e
                    0x065e                  _CM2MSKSRC = 0x65e
                    0x065e                  _CM2MSKSRCbits = 0x65e
                    0x0660                  CM2MSKCON = 0x660
                    0x0660                  _CM2MSKCON = 0x660
                    0x0660                  _CM2MSKCONbits = 0x660
                    0x0662                  CM2FLTR = 0x662
                    0x0662                  _CM2FLTR = 0x662
                    0x0662                  _CM2FLTRbits = 0x662
                    0x0664                  CM3CON = 0x664
                    0x0664                  _CM3CON = 0x664
                    0x0664                  _CM3CONbits = 0x664
                    0x0666                  CM3MSKSRC = 0x666
                    0x0666                  _CM3MSKSRC = 0x666
                    0x0666                  _CM3MSKSRCbits = 0x666
                    0x0668                  CM3MSKCON = 0x668
                    0x0668                  _CM3MSKCON = 0x668
                    0x0668                  _CM3MSKCONbits = 0x668
                    0x066a                  CM3FLTR = 0x66a
                    0x066a                  _CM3FLTR = 0x66a
                    0x066a                  _CM3FLTRbits = 0x66a
                    0x0680                  RPINR0 = 0x680
                    0x0680                  _RPINR0 = 0x680
                    0x0680                  _RPINR0bits = 0x680
                    0x0682                  RPINR1 = 0x682
                    0x0682                  _RPINR1 = 0x682
                    0x0682                  _RPINR1bits = 0x682
                    0x0686                  RPINR3 = 0x686
                    0x0686                  _RPINR3 = 0x686
                    0x0686                  _RPINR3bits = 0x686
                    0x068e                  RPINR7 = 0x68e
                    0x068e                  _RPINR7 = 0x68e
                    0x068e                  _RPINR7bits = 0x68e
                    0x0690                  RPINR8 = 0x690
                    0x0690                  _RPINR8 = 0x690
                    0x0690                  _RPINR8bits = 0x690
                    0x0696                  RPINR11 = 0x696
                    0x0696                  _RPINR11 = 0x696
                    0x0696                  _RPINR11bits = 0x696
                    0x06a4                  RPINR18 = 0x6a4
                    0x06a4                  _RPINR18 = 0x6a4
                    0x06a4                  _RPINR18bits = 0x6a4
                    0x06aa                  RPINR21 = 0x6aa
                    0x06aa                  _RPINR21 = 0x6aa
                    0x06aa                  _RPINR21bits = 0x6aa
                    0x06c0                  RPOR0 = 0x6c0
                    0x06c0                  _RPOR0 = 0x6c0
                    0x06c0                  _RPOR0bits = 0x6c0
                    0x06c2                  RPOR1 = 0x6c2
                    0x06c2                  _RPOR1 = 0x6c2
                    0x06c2                  _RPOR1bits = 0x6c2
                    0x06c4                  RPOR2 = 0x6c4
                    0x06c4                  _RPOR2 = 0x6c4
                    0x06c4                  _RPOR2bits = 0x6c4
                    0x06c6                  RPOR3 = 0x6c6
                    0x06c6                  _RPOR3 = 0x6c6
                    0x06c6                  _RPOR3bits = 0x6c6
                    0x06c8                  RPOR4 = 0x6c8
                    0x06c8                  _RPOR4 = 0x6c8
                    0x06c8                  _RPOR4bits = 0x6c8
                    0x06ca                  RPOR5 = 0x6ca
                    0x06ca                  _RPOR5 = 0x6ca
                    0x06ca                  _RPOR5bits = 0x6ca
                    0x06cc                  RPOR6 = 0x6cc
                    0x06cc                  _RPOR6 = 0x6cc
                    0x06cc                  _RPOR6bits = 0x6cc
                    0x06ce                  RPOR7 = 0x6ce
                    0x06ce                  _RPOR7 = 0x6ce
                    0x06ce                  _RPOR7bits = 0x6ce
                    0x0740                  RCON = 0x740
                    0x0740                  _RCON = 0x740
                    0x0740                  _RCONbits = 0x740
                    0x0742                  OSCCON = 0x742
                    0x0742                  _OSCCON = 0x742
                    0x0742                  _OSCCONbits = 0x742
                    0x0742                  OSCCONL = 0x742
                    0x0742                  _OSCCONL = 0x742
                    0x0743                  OSCCONH = 0x743
                    0x0743                  _OSCCONH = 0x743
                    0x0744                  CLKDIV = 0x744
                    0x0744                  _CLKDIV = 0x744
                    0x0744                  _CLKDIVbits = 0x744
                    0x0748                  OSCTUN = 0x748
                    0x0748                  _OSCTUN = 0x748
                    0x0748                  _OSCTUNbits = 0x748
                    0x0760                  NVMCON = 0x760
                    0x0760                  _NVMCON = 0x760
                    0x0760                  _NVMCONbits = 0x760
                    0x0766                  NVMKEY = 0x766
                    0x0766                  _NVMKEY = 0x766
                    0x0770                  PMD1 = 0x770
                    0x0770                  _PMD1 = 0x770
                    0x0770                  _PMD1bits = 0x770
                    0x0772                  PMD2 = 0x772
                    0x0772                  _PMD2 = 0x772
                    0x0772                  _PMD2bits = 0x772
                    0x0774                  PMD3 = 0x774
                    0x0774                  _PMD3 = 0x774
                    0x0774                  _PMD3bits = 0x774
                    0x0776                  PMD4 = 0x776
                    0x0776                  _PMD4 = 0x776
                    0x0776                  _PMD4bits = 0x776
                    0x0022                  ACCA = 0x22
                    0x0022                  _ACCA = 0x22
                    0x0028                  ACCB = 0x28
                    0x0028                  _ACCB = 0x28
                    0x0140                  IC1 = 0x140
                    0x0140                  _IC1 = 0x140
                    0x0144                  IC2 = 0x144
                    0x0144                  _IC2 = 0x144
                    0x0148                  IC3 = 0x148
                    0x0148                  _IC3 = 0x148
                    0x0180                  OC1 = 0x180
                    0x0180                  _OC1 = 0x180
                    0x0186                  OC2 = 0x186
                    0x0186                  _OC2 = 0x186
                    0x0240                  SPI1 = 0x240
                    0x0240                  _SPI1 = 0x240
                    0x0220                  UART1 = 0x220
                    0x0220                  _UART1 = 0x220
START GROUP
LOAD c:/program files (x86)/microchip/xc16/v1.26/bin/bin/../../lib\liblega-pic30-elf.a
LOAD c:/program files (x86)/microchip/xc16/v1.26/bin/bin/../../lib\libm-elf.a
LOAD c:/program files (x86)/microchip/xc16/v1.26/bin/bin/../../lib\liblega-c-elf.a
END GROUP
OUTPUT(dist/default/production/INVMAX1450VA_150716.X.production.elf elf32-pic30)
LOAD jump_table
LOAD default_isr
LOAD data_init
LOAD shared_data_init

.debug_pubtypes
                  0x0000d8        0x4a7
 .debug_pubtypes
                  0x0000d8         0x4c build/default/production/lcd.o
 .debug_pubtypes
                  0x000124        0x120 build/default/production/adc_init.o
 .debug_pubtypes
                  0x000244         0x33 build/default/production/clk_init.o
 .debug_pubtypes
                  0x000277         0x94 build/default/production/pwm_init.o
 .debug_pubtypes
                  0x00030b         0x94 build/default/production/timer_init.o
 .debug_pubtypes
                  0x00039f         0x75 build/default/production/Init_IO.o
 .debug_pubtypes
                  0x000414         0x65 build/default/production/main.o
 .debug_pubtypes
                  0x000479         0xdb build/default/production/interrupts.o
 .debug_pubtypes
                  0x000554         0x2b build/default/production/lcd_display.o

__c30_signature
                  0x00057f         0xcc
 __c30_signature
                  0x00057f          0x6 build/default/production/lcd.o
 __c30_signature
                  0x000585          0x6 build/default/production/adc_init.o
 __c30_signature
                  0x00058b          0x6 build/default/production/clk_init.o
 __c30_signature
                  0x000591          0x6 build/default/production/pwm_init.o
 __c30_signature
                  0x000597          0x6 build/default/production/timer_init.o
 __c30_signature
                  0x00059d          0x6 build/default/production/Init_IO.o
 __c30_signature
                  0x0005a3          0x6 build/default/production/main.o
 __c30_signature
                  0x0005a9          0x6 build/default/production/interrupts.o
 __c30_signature
                  0x0005af          0x6 build/default/production/lcd_display.o
 __c30_signature
                  0x0005b5          0x6 c:/program files (x86)/microchip/xc16/v1.26/bin/bin/../../lib\liblega-pic30-elf.a(crt0_standard.o)
 __c30_signature
                  0x0005bb          0x6 c:/program files (x86)/microchip/xc16/v1.26/bin/bin/../../lib\liblega-pic30-elf.a(data_init_standard.o)
 __c30_signature
                  0x0005c1          0x6 c:/program files (x86)/microchip/xc16/v1.26/bin/bin/../../lib\liblega-pic30-elf.a(delay32.Leo)
 __c30_signature
                  0x0005c7          0x6 c:/program files (x86)/microchip/xc16/v1.26/bin/bin/../../lib\libm-elf.a(feqltle.eo)
 __c30_signature
                  0x0005cd          0x6 c:/program files (x86)/microchip/xc16/v1.26/bin/bin/../../lib\libm-elf.a(fgtge.eo)
 __c30_signature
                  0x0005d3          0x6 c:/program files (x86)/microchip/xc16/v1.26/bin/bin/../../lib\libm-elf.a(floatsisf.eo)
 __c30_signature
                  0x0005d9          0x6 c:/program files (x86)/microchip/xc16/v1.26/bin/bin/../../lib\libm-elf.a(fcompare.eo)
 __c30_signature
                  0x0005df          0x6 c:/program files (x86)/microchip/xc16/v1.26/bin/bin/../../lib\libm-elf.a(floatdisf.eo)
 __c30_signature
                  0x0005e5          0x6 c:/program files (x86)/microchip/xc16/v1.26/bin/bin/../../lib\libm-elf.a(floatundisf.eo)
 __c30_signature
                  0x0005eb          0x6 c:/program files (x86)/microchip/xc16/v1.26/bin/bin/../../lib\libm-elf.a(fpack.eo)
 __c30_signature
                  0x0005f1          0x6 c:/program files (x86)/microchip/xc16/v1.26/bin/bin/../../lib\libm-elf.a(funpack2.eo)
 __c30_signature
                  0x0005f7          0x6 c:/program files (x86)/microchip/xc16/v1.26/bin/bin/../../lib\libm-elf.a(funpack.eo)
 __c30_signature
                  0x0005fd          0x6 c:/program files (x86)/microchip/xc16/v1.26/bin/bin/../../lib\liblega-c-elf.a(memcpy.XXeo)
 __c30_signature
                  0x000603          0x6 c:/program files (x86)/microchip/xc16/v1.26/bin/bin/../../lib\liblega-c-elf.a(memset.XXeo)
 __c30_signature
                  0x000609          0x6 c:/program files (x86)/microchip/xc16/v1.26/bin/bin/../../lib\liblega-c-elf.a(sprintf_cdnopuxX.XXeo)
 __c30_signature
                  0x00060f          0x6 c:/program files (x86)/microchip/xc16/v1.26/bin/bin/../../lib\liblega-c-elf.a(xprintf_cdnopuxX.XXeo)
 __c30_signature
                  0x000615          0x6 c:/program files (x86)/microchip/xc16/v1.26/bin/bin/../../lib\liblega-c-elf.a(xputfld_cdnopuxX.XXeo)
 __c30_signature
                  0x00061b          0x6 c:/program files (x86)/microchip/xc16/v1.26/bin/bin/../../lib\liblega-c-elf.a(strchr.XXeo)
 __c30_signature
                  0x000621          0x6 c:/program files (x86)/microchip/xc16/v1.26/bin/bin/../../lib\liblega-c-elf.a(xlitob.XXeo)
 __c30_signature
                  0x000627          0x6 c:/program files (x86)/microchip/xc16/v1.26/bin/bin/../../lib\liblega-c-elf.a(xputtxt.XXeo)
 __c30_signature
                  0x00062d          0x6 c:/program files (x86)/microchip/xc16/v1.26/bin/bin/../../lib\liblega-c-elf.a(xvacopy.XXeo)
 __c30_signature
                  0x000633          0x6 c:/program files (x86)/microchip/xc16/v1.26/bin/bin/../../lib\libm-elf.a(divsi3.eo)
 __c30_signature
                  0x000639          0x6 c:/program files (x86)/microchip/xc16/v1.26/bin/bin/../../lib\libm-elf.a(udivsi3.eo)
 __c30_signature
                  0x00063f          0x6 c:/program files (x86)/microchip/xc16/v1.26/bin/bin/../../lib\libm-elf.a(umodsi3.eo)
 __c30_signature
                  0x000645          0x6 c:/program files (x86)/microchip/xc16/v1.26/bin/bin/../../lib\libm-elf.a(divmoddi3.eo)

.sinetbl            0x0800        0x100
 .sinetbl           0x0800        0x100 build/default/production/mc_sinetable_ram_dspic.o
                    0x0800                  mcSineTableInRam
                    0x0800                  _mcSineTableInRam

.nbss               0x0900         0xac
 .nbss              0x0900         0x98 build/default/production/interrupts.o
                    0x0900                  _theta
                    0x0902                  _sinu
                    0x0904                  _cosinu
                    0x0906                  _state
                    0x0908                  _mod_ind
                    0x090a                  _count
                    0x090c                  _modulationIndex
                    0x090e                  _an0result
                    0x0910                  _an1result
                    0x0912                  _an2result
                    0x0914                  _an3result
                    0x0916                  _DCVoltage
                    0x0918                  _batteryVoltage
                    0x091a                  _batVoltage
                    0x091c                  _batV
                    0x091e                  _VBatcounter
                    0x0920                  _lsincos
                    0x0924                  _Vdc
                    0x0926                  _Vdcmin
                    0x0928                  _Vbat
                    0x092a                  _batteryVolt
                    0x092c                  _softStartCounter
                    0x092e                  _stopCounter
                    0x0930                  _softStartFlag
                    0x0932                  _softStartSteps
                    0x0934                  _clearCountersFlag
                    0x0936                  _overLoadCounterFlag
                    0x0938                  _DClinkCounter
                    0x093a                  _BatteryCounter
                    0x093c                  _DCOverCounter
                    0x093e                  _batOverCounter
                    0x0940                  _DCvoltInRange
                    0x0942                  _BatVoltInRange
                    0x0944                  _reversePolarity
                    0x0946                  _shortCircuitFlt
                    0x0948                  _outputOverLoad
                    0x094a                  _DCOverTempCounter
                    0x094c                  _DCOvertempFlag
                    0x094e                  _DCShort
                    0x0950                  _DCOverVoltage
                    0x0952                  _batOverVoltage
                    0x0954                  _outputCurrent
                    0x0956                  _Iload
                    0x0958                  _IOverCounter
                    0x095a                  _OverLoad
                    0x095c                  _shortCktCounter
                    0x095e                  _outputShort
                    0x0960                  _BatUVcounter
                    0x0962                  _BatUnderVoltage
                    0x0964                  _faultStatus
                    0x0966                  _reversePolarityFlag
                    0x0968                  _reversePolCounter
                    0x096a                  _DCUnderCounter
                    0x096c                  _DCUnderVoltage
                    0x096e                  _localFaultLatch
                    0x0970                  _OPShortCkt
                    0x0972                  _InvOff
                    0x0974                  _avgVdcCounter
                    0x0976                  _an0reslt
                    0x0978                  _an1reslt
                    0x097a                  _an3reslt
                    0x097c                  _avgBatCounter
                    0x097e                  _ICounter
                    0x0980                  _overLoadLimit
                    0x0982                  _resetFlag
                    0x0984                  _InvResetCount
                    0x0986                  _restartTime
                    0x0988                  _checkOLCycles
                    0x098a                  _BatteryDeepDischarge
                    0x098c                  _BatDDcounter
                    0x098e                  _BatUVResetCount
                    0x0990                  _UVresetFlag
                    0x0992                  _UVrestartTime
                    0x0994                  _BatteryUndervoltageLCD
                    0x0996                  _LCDrefreshcounter
 .nbss              0x0998         0x10 build/default/production/lcd_display.o
                    0x0998                  _batTen
                    0x099a                  _batTen1
                    0x099c                  _batOne
                    0x099e                  _batOne1
                    0x09a0                  _batPoint
                    0x09a2                  _batPoint1
                    0x09a4                  _batTwoPoint
                    0x09a6                  _batTwoPoint1
 .nbss              0x09a8          0x4 build/default/production/main.o
                    0x09a8                  _test1
                    0x09aa                  _faultStatusLCD

.ndata              0x09ac          0x4
 .ndata             0x09ac          0x4 build/default/production/lcd_display.o
                    0x09ac                  _voltage
                    0x09ae                  _current

.nbss               0x09b0          0x2
 .nbss              0x09b0          0x2 build/default/production/lcd.o
                    0x09b0                  _check

.ndata              0x09b2          0x2
 .ndata             0x09b2          0x2 build/default/production/main.o
                    0x09b2                  _test

.data               0x09b4         0x3c
 .data              0x09b4         0x22 c:/program files (x86)/microchip/xc16/v1.26/bin/bin/../../lib\liblega-c-elf.a(xlitob.XXeo)
 .data              0x09d6         0x1a c:/program files (x86)/microchip/xc16/v1.26/bin/bin/../../lib\liblega-c-elf.a(xprintf_cdnopuxX.XXeo)

.config_GCP       0x002bfe          0x2
 .config_GCP      0x002bfe          0x2 build/default/production/main.o

.config_IESO      0x002bfc          0x2
 .config_IESO     0x002bfc          0x2 build/default/production/main.o

.ivt._MPWM1Interrupt
                  0x000086          0x2
 .ivt._MPWM1Interrupt
                  0x000086          0x2 build/default/production/interrupts.o

.ivt._ADC1Interrupt
                  0x00002e          0x2
 .ivt._ADC1Interrupt
                  0x00002e          0x2 build/default/production/interrupts.o

.ivt._T1Interrupt
                  0x00001a          0x2
 .ivt._T1Interrupt
                  0x00001a          0x2 build/default/production/interrupts.o

.const              0x8dee        0x15c load address 0x000dee  
 .const             0x8dee        0x15c build/default/production/lcd_display.o

.text             0x000f4a        0xba6
 .text            0x000f4a        0x73e build/default/production/interrupts.o
                  0x001054                  __MPWM1Interrupt
                  0x0010ee                  __ADC1Interrupt
                  0x0011a2                  __T1Interrupt
 .text            0x001688        0x2e2 build/default/production/lcd_display.o
                  0x001688                  _Display1
                  0x00174e                  _DCDCTempFault
                  0x001784                  _OutputOLShutDown
                  0x0017ba                  _OutputOverLoad
                  0x0017f0                  _GridON
                  0x001826                  _GridOFF
                  0x00185c                  _OutputShortCkt
                  0x001892                  _BatDeepDischarge
                  0x0018c8                  _BatterUnderVoltage
                  0x0018fe                  _BatOverVoltage
                  0x001934                  _Display
 .text            0x00196a        0x186 build/default/production/lcd.o
                  0x00196a                  _LCD_init
                  0x0019b6                  _data_lcd
                  0x001ab0                  _nybble
                  0x001ac0                  _command_lcd
                  0x001ace                  _data_string_lcd

.dinit            0x001af0        0x114
 .dinit           0x001af0        0x114 data_init

.text             0x001c04        0x21c
 .text            0x001c04         0xf8 build/default/production/main.o
                  0x001c04                  _main
 .text            0x001cfc         0x5a build/default/production/adc_init.o
                  0x001cfc                  _Init_ADC
 .text            0x001d56         0x40 build/default/production/clk_init.o
                  0x001d56                  _Init_Clk
 .text            0x001d96         0x40 build/default/production/pwm_init.o
                  0x001d96                  _Init_PWM
 .text            0x001dd6         0x2a build/default/production/timer_init.o
                  0x001dd6                  _Init_timer
 .text            0x001e00         0x20 build/default/production/Init_IO.o
                  0x001e00                  _Init_IO

.init.delay32     0x001e20         0x1c
 .init.delay32    0x001e20         0x1c c:/program files (x86)/microchip/xc16/v1.26/bin/bin/../../lib\liblega-pic30-elf.a(delay32.Leo)
                  0x001e20                  ___delay32

.shared.dinit     0x001e3c          0x2
 .shared.dinit    0x001e3c          0x2 shared_data_init
